type role Equal nominal nominal
data Equal a b where
  Equal :: a ~ a1 => Equal a a1
  	-- Defined at T4087.hs:5:1
