TYPE SIGNATURES
TYPE CONSTRUCTORS
  T1 :: * -> *
  type role T1 nominal
  data T1 a
    = K1 a
  T2 :: * -> *
  data T2 a = K2 a
  T3 :: forall (k :: BOX). k -> *
  type role T3 phantom
  data T3 (a :: k)
    = K3
  T4 :: (* -> *) -> * -> *
  type role T4 nominal nominal
  data T4 (a :: * -> *) b
    = K4 (a b)
  T5 :: * -> *
  data T5 a = K5 a
  T6 :: forall (k :: BOX). k -> *
  type role T6 phantom
  data T6 (a :: k)
    = K6
  T7 :: forall (k :: BOX). k -> * -> *
  type role T7 phantom representational
  data T7 (a :: k) b
    = K7 b
COERCION AXIOMS
Dependent modules: []
Dependent packages: [base, ghc-prim, integer-gmp]

==================== Typechecker ====================

