TYPE SIGNATURES
TYPE CONSTRUCTORS
  T1 :: * -> *
  data T1 a = K1 (IO a)
  T2 :: * -> *
  data T2 a = K2 (FunPtr a)
COERCION AXIOMS
Dependent modules: []
Dependent packages: [base, ghc-prim, integer-gmp]

==================== Typechecker ====================

