TYPE SIGNATURES
TYPE CONSTRUCTORS
  C2 :: * -> Constraint
  type role C2 representational
  class C2 a where
    meth2 :: a -> a
COERCION AXIOMS
  axiom Roles12.NTCo:C2 :: C2 a = a -> a
Dependent modules: []
Dependent packages: [base, ghc-prim, integer-gmp]

==================== Typechecker ====================

