TYPE SIGNATURES
  foo ::
    forall s b chain.
    Zork s (Z [Char]) b =>
    Q s (Z [Char]) chain -> ST s ()
  s :: forall t t1. Q t (Z [Char]) t1 -> Q t (Z [Char]) t1
TYPE CONSTRUCTORS
  Q :: * -> * -> * -> *
  data Q s a chain = Node s a chain
  Z :: * -> *
  data Z a = Z a
  Zork :: * -> * -> * -> Constraint
  class Zork s a b | a -> b where
    huh :: Q s a chain -> ST s ()
COERCION AXIOMS
  axiom ShouldCompile.NTCo:Zork ::
      Zork s a b = forall chain. Q s a chain -> ST s ()
Dependent modules: []
Dependent packages: [base, ghc-prim, integer-gmp]
