  {- HasNoCafRefs, Strictness: m,
     Unfolding: (ghc-prim:GHC.Types.C#{(w) v 63} 'p') -}
--
  {- HasNoCafRefs, Strictness: m,
     Unfolding: (ghc-prim:GHC.Types.C#{(w) v 63} 'q') -}
